restart 0: T=86 fixed=0 seeds=[(2, -264, -69), (102, -92, 259), (36, 64, -294), (256, 45, 144), (-43, -41, -146), (86, 81, -82), (-94, 36, 136), (-175, -91, -182), (-67, -60, 155)]
restart 1: T=82 fixed=0 seeds=[(207, 265, 44), (-143, -72, -50), (-107, -28, 1), (-5, -172, -83), (-215, -53, 99), (-143, 118, 219), (-171, -176, -134), (15, -63, -120), (150, -124, -66)]
restart 2: T=80 fixed=0 seeds=[(165, 87, -101), (-283, -140, -32), (-63, -29, 92), (4, 189, -109), (-125, -90, 21), (56, -31, -65), (231, -17, -157), (-95, -34, 481), (-35, -119, 25)]
restart 3: T=78 fixed=0 seeds=[(17, -181, 47), (-14, 13, -71), (-12, -27, -132), (28, -37, 29), (-39, 42, 61), (-46, -18, 107), (37, 22, -6), (156, 12, 27), (-37, 19, -94)]
restart 4: T=82 fixed=0 seeds=[(-244, -56, 68), (-71, 52, 100), (-67, -128, -10), (46, -50, 8), (-124, -64, 256), (25, -75, 224), (137, 16, -127), (-167, 116, -96), (17, 163, -71)]
restart 5: T=80 fixed=0 seeds=[(9, -44, -72), (-61, -72, 64), (-162, 169, -57), (3, -136, 10), (-171, 21, -166), (189, -65, -100), (-120, 102, -81), (-47, -153, -94), (-74, -77, 19)]
restart 6: T=82 fixed=0 seeds=[(-132, 64, 34), (-148, 68, -29), (-9, -91, -101), (-13, 17, 47), (-242, 59, 29), (68, 166, 19), (34, -152, -47), (-65, 11, 0), (92, -28, 29)]
restart 7: T=80 fixed=0 seeds=[(8, 45, -94), (43, 69, 175), (1, 216, 39), (-132, -95, 151), (11, 6, 91), (207, 138, -44), (23, 52, -114), (20, 27, 14), (-43, 20, 33)]
restart 8: T=84 fixed=0 seeds=[(55, -78, 12), (65, 63, 52), (-19, -12, -34), (13, 95, 3), (-11, -55, -23), (-49, 5, -50), (-52, -90, 41), (47, 90, 96), (15, 18, -41)]
restart 9: T=84 fixed=0 seeds=[(29, -170, -61), (1, 77, -7), (308, 180, 0), (-194, 103, 116), (44, -109, -137), (25, 173, -134), (-99, -96, 34), (-18, 132, -99), (-9, -28, -13)]
restart 10: T=86 fixed=0 seeds=[(171, 10, -136), (16, -92, -26), (193, 124, 77), (6, 59, -109), (-77, -17, 4), (-11, -31, -104), (48, -54, -95), (47, 33, 133), (62, -31, -20)]
restart 11: T=78 fixed=0 seeds=[(208, 49, 33), (57, 32, -61), (86, -93, 18), (-96, -76, 39), (21, 134, -81), (60, 86, 327), (61, 34, 46), (90, 26, -32), (-26, 16, 89)]
restart 12: T=80 fixed=0 seeds=[(94, -23, 71), (163, 174, -85), (-258, -41, -6), (17, 91, -58), (122, 16, 60), (16, 168, 152), (288, 101, 78), (-96, 36, 112), (-2, -237, 51)]
restart 13: T=80 fixed=0 seeds=[(-5, 202, 58), (8, -10, 23), (-13, 38, 32), (-78, -75, -65), (22, -23, 83), (-118, 37, -61), (62, -127, 49), (47, 39, -24), (65, -30, 67)]
restart 14: T=86 fixed=0 seeds=[(-212, -107, -11), (85, -47, 216), (21, 21, 41), (127, -41, 120), (-62, 42, 18), (100, 38, -121), (-6, -30, -287), (-5, -58, -69), (1, -103, -22)]
restart 15: T=82 fixed=0 seeds=[(74, -83, -104), (171, -72, -61), (-174, 53, -209), (-50, -11, 45), (101, 104, -30), (108, -257, -33), (-46, -190, 258), (-7, 289, -23), (-91, 55, 94)]
restart 16: T=84 fixed=0 seeds=[(103, 84, -105), (50, -81, -107), (26, 259, 24), (-36, 27, 18), (-78, -45, 111), (-331, -58, -86), (77, -25, -58), (-119, -5, -114), (257, 120, -47)]
restart 17: T=78 fixed=0 seeds=[(31, 18, 33), (6, -35, -33), (-13, -96, 18), (-17, -18, 26), (-19, -28, 62), (-1, 50, 12), (64, -68, -10), (5, -50, 55), (10, -42, 25)]
restart 18: T=80 fixed=0 seeds=[(-139, -75, 113), (-110, 14, -26), (-273, 13, -165), (103, 68, 102), (-80, -64, -165), (-29, 109, 1), (147, 72, 49), (237, -178, 23), (249, 72, 15)]
restart 19: T=80 fixed=0 seeds=[(134, -96, 30), (-4, -127, -8), (-124, 82, 210), (-99, -43, 8), (-51, 45, 12), (-67, 65, -104), (-140, -176, -141), (-73, -95, 168), (152, 46, -129)]
restart 20: T=88 fixed=0 seeds=[(-7, -112, -257), (101, -25, -68), (-65, -115, -100), (-7, -338, 50), (172, 140, -188), (-121, 171, 7), (-55, -167, 278), (-39, -25, -191), (-81, -41, -46)]
restart 21: T=88 fixed=0 seeds=[(22, 70, -71), (26, 33, 68), (-76, -28, -2), (-19, -17, 106), (-389, -160, 96), (-14, 4, -83), (86, -27, 70), (3, -198, 48), (-67, 15, 40)]
restart 22: T=78 fixed=0 seeds=[(27, 4, -6), (55, 21, -8), (39, -6, 12), (-3, -37, -3), (-16, -39, -30), (1, 30, -42), (7, -9, 37), (33, -46, -16), (-57, 40, -33)]
restart 23: T=84 fixed=0 seeds=[(117, 136, 183), (6, 12, 20), (-192, 94, -98), (1, -28, -152), (77, 114, -57), (-297, 40, 29), (-177, 22, -135), (-2, -347, -108), (-64, -26, -5)]
restart 24: T=80 fixed=0 seeds=[(135, -42, 0), (164, 9, -26), (130, 36, -46), (23, -11, -124), (-430, -12, -163), (27, -108, 17), (-104, 123, -209), (44, -10, 29), (-64, -30, 127)]
restart 25: T=84 fixed=0 seeds=[(85, 38, -49), (38, 182, -170), (-117, -29, -162), (-4, 81, -161), (22, 225, 11), (-15, -58, -55), (-60, 93, 110), (-128, 77, -137), (96, -84, 26)]
restart 26: T=84 fixed=0 seeds=[(-158, -75, 47), (33, -34, 17), (56, -34, -88), (127, 16, -53), (-95, -282, 21), (-76, 106, 52), (34, -15, 62), (17, 112, -121), (199, -46, 20)]
restart 27: T=80 fixed=0 seeds=[(73, 30, -9), (224, 33, 103), (103, 40, 70), (28, 6, 103), (48, -116, -4), (-97, 106, 37), (-110, 60, 230), (11, 21, -92), (73, 43, 94)]
restart 28: T=84 fixed=0 seeds=[(45, -14, -12), (2, 9, -37), (-122, 68, -125), (-15, 26, 50), (48, 8, 53), (64, 112, 89), (-102, 66, 68), (-144, -127, -99), (-39, 202, -64)]
restart 29: T=78 fixed=0 seeds=[(-60, 113, 161), (8, -19, 103), (135, 44, -15), (-132, -120, 103), (79, 59, 17), (123, -348, 26), (-63, 62, -115), (113, -20, 94), (-65, 75, -25)]
restart 30: T=82 fixed=0 seeds=[(-56, -62, -21), (114, -190, -47), (88, -136, -226), (-8, -122, 77), (16, 14, 42), (-45, -67, 209), (51, 13, -79), (-195, -48, -137), (68, -108, 428)]
restart 31: T=80 fixed=0 seeds=[(-39, -70, 27), (-111, 71, -32), (187, -21, 2), (118, -100, 146), (-97, 174, 20), (-3, 119, 193), (-105, 51, 262), (-43, 155, -35), (51, 33, 123)]
restart 32: T=82 fixed=0 seeds=[(68, 238, -72), (86, -65, -37), (110, 135, 195), (-64, 12, -71), (-95, -39, 62), (32, 94, 131), (-104, -238, 161), (6, -103, -31), (4, -29, 59)]
restart 33: T=88 fixed=0 seeds=[(-1, -159, 40), (113, 86, 127), (67, 66, -289), (170, 38, 20), (9, 37, 85), (-25, 3, 21), (120, 37, -49), (-245, -32, -62), (167, 63, -191)]
restart 34: T=88 fixed=0 seeds=[(-116, 86, -89), (-205, 54, 53), (96, -8, 101), (68, 187, 139), (-103, 11, 13), (6, -191, -12), (78, -49, -59), (-85, 42, 120), (229, 48, 79)]
restart 35: T=90 fixed=0 seeds=[(138, -61, -100), (-13, 82, -65), (6, 336, -15), (88, -80, 3), (35, 37, -75), (-133, 87, 38), (44, 71, 15), (116, -44, 17), (-58, -10, 61)]
restart 36: T=86 fixed=0 seeds=[(-5, 59, 30), (-12, -22, -5), (-65, -33, -125), (-77, 49, 87), (12, 18, -35), (86, -7, -61), (-25, 46, -47), (16, -33, -86), (-62, -29, -35)]
restart 37: T=84 fixed=0 seeds=[(77, -61, 12), (37, -43, 37), (26, 209, 163), (125, -24, 57), (-2, 62, -185), (-85, -115, 48), (39, 67, 88), (1, -242, -40), (-197, -88, 14)]
restart 38: T=82 fixed=0 seeds=[(-94, 71, 5), (101, 18, -61), (-145, -164, -181), (-48, -152, -169), (21, -162, 77), (74, 41, 134), (64, 88, -139), (60, 32, -96), (-19, 7, 62)]
restart 39: T=88 fixed=0 seeds=[(111, -29, -22), (14, 163, 35), (53, 85, 115), (157, -30, 52), (8, -40, -106), (-98, 119, 175), (-93, -41, -120), (112, 69, 122), (-42, -25, 202)]
HIST {"78": 5, "80": 10, "82": 7, "84": 8, "86": 4, "88": 5, "90": 1}
TOP 90 0 [(138, -61, -100), (-13, 82, -65), (6, 336, -15), (88, -80, 3), (35, 37, -75), (-133, 87, 38), (44, 71, 15), (116, -44, 17), (-58, -10, 61)] exact= (90, 0)
TOP 88 0 [(-7, -112, -257), (101, -25, -68), (-65, -115, -100), (-7, -338, 50), (172, 140, -188), (-121, 171, 7), (-55, -167, 278), (-39, -25, -191), (-81, -41, -46)] exact= (88, 0)
TOP 88 0 [(22, 70, -71), (26, 33, 68), (-76, -28, -2), (-19, -17, 106), (-389, -160, 96), (-14, 4, -83), (86, -27, 70), (3, -198, 48), (-67, 15, 40)] exact= (88, 0)
TOP 88 0 [(-1, -159, 40), (113, 86, 127), (67, 66, -289), (170, 38, 20), (9, 37, 85), (-25, 3, 21), (120, 37, -49), (-245, -32, -62), (167, 63, -191)] exact= (88, 0)
TOP 88 0 [(-116, 86, -89), (-205, 54, 53), (96, -8, 101), (68, 187, 139), (-103, 11, 13), (6, -191, -12), (78, -49, -59), (-85, 42, 120), (229, 48, 79)] exact= (88, 0)
