restart 0: T=85 s=1 B=282 F=27 p=3 seeds=[(11, 53, -85), (-22, -86, 26), (-28, -1, -15), (32, 188, -12), (-109, -184, 137), (-109, -184, -38)]
restart 1: T=81 s=0 B=282 F=39 p=3 seeds=[(63, 51, 4), (-25, 14, -34), (-185, -17, -14), (54, 25, -11), (-4, 4, 9), (-4, 4, 28)]
restart 2: T=85 s=1 B=282 F=27 p=3 seeds=[(101, -8, -16), (199, 15, -66), (96, 24, -174), (17, 86, 25), (15, 39, 18), (15, 39, -22)]
restart 3: T=85 s=1 B=282 F=27 p=3 seeds=[(49, 20, 114), (88, -2, 153), (-24, 143, -165), (141, -16, 118), (-20, -21, -43), (-20, -21, -2)]
restart 4: T=91 s=1 B=282 F=9 p=3 seeds=[(9, 9, 21), (65, -13, -17), (-47, -60, 29), (8, 13, 27), (-42, -31, -24), (-42, -31, 47)]
restart 5: T=87 s=0 B=282 F=21 p=3 seeds=[(-82, -140, -27), (111, 100, 188), (-66, 24, 22), (-83, -15, -82), (67, 36, 42), (67, 36, -46)]
restart 6: T=85 s=1 B=282 F=27 p=3 seeds=[(77, -106, 88), (18, -22, 91), (-346, 4, -31), (86, 113, -87), (-46, -46, -54), (-46, -46, 297)]
restart 7: T=79 s=1 B=282 F=45 p=3 seeds=[(-227, -21, -20), (65, 6, -84), (-163, -36, 46), (74, 27, 72), (65, -38, 39), (65, -38, -38)]
restart 8: T=79 s=1 B=282 F=45 p=3 seeds=[(123, 93, -30), (-19, 42, -100), (66, -105, -57), (124, -12, -73), (-55, 98, 10), (-55, 98, -183)]
restart 9: T=87 s=0 B=282 F=21 p=3 seeds=[(126, 84, 107), (-127, -115, 12), (64, 21, -44), (224, -16, 114), (101, -105, -67), (101, -105, 27)]
restart 10: T=78 s=0 B=282 F=48 p=3 seeds=[(-5, -49, 94), (65, -34, 133), (-31, -57, -234), (-330, 45, -134), (98, -117, -52), (98, -117, 143)]
restart 11: T=88 s=1 B=282 F=18 p=3 seeds=[(70, 35, 28), (-133, 26, -50), (-23, -14, -2), (-7, 22, -32), (51, -18, -63), (51, -18, 49)]
restart 12: T=79 s=1 B=282 F=45 p=3 seeds=[(44, -25, 53), (91, -155, 85), (-4, 5, -35), (-34, -26, -57), (-18, 52, 47), (-18, 52, -7)]
restart 13: T=87 s=0 B=282 F=21 p=3 seeds=[(8, 51, 50), (-24, -48, 26), (-6, -30, -73), (-16, 74, -53), (39, 59, -7), (39, 59, 9)]
restart 14: T=85 s=1 B=282 F=27 p=3 seeds=[(-37, 145, -7), (-22, 34, -24), (-23, 17, -66), (42, 95, -22), (109, 8, -80), (109, 8, 62)]
restart 15: T=79 s=1 B=282 F=45 p=3 seeds=[(-54, -15, -81), (69, -21, 84), (50, -67, 122), (-38, 42, -9), (-43, -21, 73), (-43, -21, -29)]
restart 16: T=88 s=1 B=282 F=18 p=3 seeds=[(-114, -147, 71), (41, -4, 90), (-70, -5, 127), (-36, 52, 85), (-2, -11, -90), (-2, -11, 10)]
restart 17: T=79 s=1 B=282 F=45 p=3 seeds=[(86, -210, 232), (-39, -143, -11), (88, -11, 47), (5, 101, -35), (69, 94, 453), (69, 94, -32)]
restart 18: T=85 s=1 B=282 F=27 p=3 seeds=[(108, -71, 11), (25, -39, -127), (153, -205, 84), (-106, -130, 68), (0, -151, -26), (0, -151, 56)]
restart 19: T=90 s=0 B=282 F=12 p=3 seeds=[(-9, -1, -32), (-2, -41, -23), (53, -21, -55), (-37, 16, -8), (-13, 87, -41), (-13, 87, 19)]
restart 20: T=81 s=0 B=282 F=39 p=3 seeds=[(-4, 98, -32), (-2, -88, -80), (63, -109, 19), (-77, 69, 14), (-71, -15, 62), (-71, -15, 224)]
restart 21: T=90 s=0 B=282 F=12 p=3 seeds=[(-22, 123, 59), (4, -51, 4), (-33, 37, 15), (-180, -61, 53), (17, -18, 3), (17, -18, 71)]
restart 22: T=82 s=1 B=282 F=36 p=3 seeds=[(-16, 16, -36), (-74, -85, 45), (142, -72, -57), (-23, -49, 61), (-7, -33, 136), (-7, -33, 21)]
restart 23: T=88 s=1 B=282 F=18 p=3 seeds=[(132, 45, 45), (13, 72, -65), (-23, -63, -32), (64, 33, 6), (44, -179, 49), (44, -179, -217)]
restart 24: T=88 s=1 B=282 F=18 p=3 seeds=[(13, 35, -22), (58, -13, 31), (78, -134, -186), (95, 69, -2), (83, -20, -25), (83, -20, 78)]
restart 25: T=85 s=1 B=282 F=27 p=3 seeds=[(7, -55, -81), (-70, -76, -7), (-3, 63, -48), (-39, 50, -105), (-47, 69, 81), (-47, 69, -4)]
restart 26: T=93 s=0 B=282 F=3 p=3 seeds=[(149, 67, -17), (63, 6, -6), (46, -123, 75), (-57, 92, 73), (59, 7, 16), (59, 7, -182)]
restart 27: T=90 s=0 B=282 F=12 p=3 seeds=[(-58, -133, -46), (-70, -1, 9), (76, 164, -21), (-128, 7, -84), (95, -18, -52), (95, -18, -217)]
restart 28: T=81 s=0 B=282 F=39 p=3 seeds=[(-11, -27, 58), (-26, 8, -19), (-8, 54, 13), (32, 17, 23), (-26, -32, -5), (-26, -32, -20)]
restart 29: T=81 s=0 B=282 F=39 p=3 seeds=[(-73, 20, -51), (-268, 138, 53), (-19, 66, 40), (-7, 117, 7), (-68, -202, 93), (-68, -202, -12)]
restart 30: T=85 s=1 B=282 F=27 p=3 seeds=[(-130, -3, -101), (25, 140, -56), (45, -114, 66), (381, -47, 24), (-35, 48, 130), (-35, 48, 70)]
restart 31: T=87 s=0 B=282 F=21 p=3 seeds=[(50, -87, -19), (47, -100, 62), (-32, 6, 40), (76, -4, -49), (56, -81, 18), (56, -81, -56)]
