restart 0: T=50 fixed=0 seeds=[(13, 34, 61), (-191, 101, 271), (-274, -221, -168), (122, 103, -101), (-28, 290, 129), (-315, 82, -26), (-90, 48, 171)]
restart 1: T=52 fixed=0 seeds=[(162, 252, -149), (225, -102, 32), (-19, -153, -79), (-54, 55, -84), (58, -82, 43), (-135, -32, 24), (-1, 109, -10)]
restart 2: T=48 fixed=0 seeds=[(66, 72, -53), (-233, -295, -120), (-63, 267, -40), (-24, 46, 159), (-98, -87, -13), (-81, 104, 205), (19, -11, 267)]
restart 3: T=48 fixed=0 seeds=[(34, 74, 60), (-101, -147, -21), (-64, -59, -103), (-120, 61, 50), (166, -17, 126), (-90, -50, -44), (172, 135, 1)]
restart 4: T=46 fixed=0 seeds=[(-17, -38, -30), (-40, -7, -5), (80, 43, -59), (-2, 66, -13), (-55, 29, 14), (39, -72, -14), (-26, 18, -9)]
restart 5: T=50 fixed=0 seeds=[(-3, 41, -59), (62, -113, 6), (139, -74, -166), (-115, -123, -346), (-74, -12, 22), (4, -309, -32), (-145, 140, 71)]
restart 6: T=48 fixed=0 seeds=[(55, -72, -9), (-82, 14, 59), (-67, 73, -58), (-17, 71, 64), (80, -69, -91), (57, 41, -103), (6, -95, -34)]
restart 7: T=50 fixed=0 seeds=[(-121, 56, 118), (-249, -23, -38), (84, 258, -142), (-9, -13, -90), (-107, 35, -143), (-229, -80, 57), (-185, -88, -97)]
restart 8: T=50 fixed=0 seeds=[(-7, 156, 13), (-64, 55, 101), (119, 154, -32), (-200, -71, -13), (-157, 149, 103), (153, 170, 35), (-30, -188, -211)]
restart 9: T=50 fixed=0 seeds=[(-36, 448, -49), (-240, 92, -151), (27, 69, 33), (-67, 61, 56), (96, 78, 12), (70, -32, 30), (-109, -58, -77)]
restart 10: T=46 fixed=0 seeds=[(-78, -83, 174), (14, -186, 91), (-50, -25, -2), (-161, 8, -307), (-238, 69, 114), (13, -15, -5), (109, -105, 0)]
restart 11: T=48 fixed=0 seeds=[(50, -458, -103), (-92, -57, -190), (254, -28, 143), (-138, -19, 107), (-93, 24, -293), (221, -57, 49), (-12, -36, -113)]
restart 12: T=48 fixed=0 seeds=[(27, 178, 84), (23, 28, -30), (133, 156, 46), (66, 19, -39), (8, 82, 15), (159, -85, -24), (57, -64, 47)]
restart 13: T=50 fixed=0 seeds=[(-67, 18, -103), (-243, 89, -44), (25, -33, 82), (-1, 190, -28), (53, -62, -237), (-133, -56, -75), (2, 131, -504)]
restart 14: T=46 fixed=0 seeds=[(-55, -41, 36), (13, 34, -24), (-37, 22, 4), (-3, -112, -11), (98, -41, 50), (-12, 65, 91), (70, -23, 87)]
restart 15: T=50 fixed=0 seeds=[(77, -68, -140), (84, 23, -58), (-18, 141, 33), (-56, 22, 4), (-61, -18, 72), (-183, -45, -182), (86, -13, -118)]
restart 16: T=52 fixed=0 seeds=[(-154, 108, -5), (-136, 44, -140), (17, -233, -24), (54, 19, -8), (-35, 34, 42), (-176, 111, 62), (-43, -38, -74)]
restart 17: T=44 fixed=0 seeds=[(-48, -49, 61), (20, 6, -14), (-4, 10, -31), (-29, 13, -36), (8, -42, -11), (-128, 76, 41), (16, -22, -74)]
restart 18: T=50 fixed=0 seeds=[(-62, -8, -46), (-25, 67, 179), (37, -173, 41), (-99, 28, 68), (-167, -24, 13), (193, -53, -66), (-163, -119, -105)]
restart 19: T=50 fixed=0 seeds=[(-76, 14, 34), (50, 44, -68), (-129, 20, 27), (46, 193, -80), (-48, 4, 32), (259, 105, 157), (-60, -22, -77)]
restart 20: T=48 fixed=0 seeds=[(41, 19, 14), (-36, -9, -33), (5, 61, -26), (-18, 25, -44), (12, 23, 94), (-46, 12, 29), (-36, 15, 72)]
restart 21: T=50 fixed=0 seeds=[(-34, 52, 42), (11, 74, 4), (61, 35, 10), (-44, 43, -35), (37, -3, -23), (32, -9, 1), (-75, 78, 17)]
restart 22: T=50 fixed=0 seeds=[(-25, 52, -24), (-23, -87, -14), (-12, 50, -54), (78, 51, -29), (-79, 61, 103), (115, 71, 5), (132, 20, 31)]
restart 23: T=52 fixed=0 seeds=[(4, 130, -11), (-57, 52, -108), (115, -31, -18), (-37, -146, 29), (83, 143, 5), (-78, 75, -75), (-29, -133, -137)]
restart 24: T=46 fixed=0 seeds=[(5, 23, -115), (-49, -38, 26), (5, 6, -26), (-46, -38, -2), (51, 51, -52), (-41, 53, -37), (-2, 109, -2)]
restart 25: T=52 fixed=0 seeds=[(-3, 33, 12), (-54, 107, -133), (-104, 91, -53), (-207, -24, -22), (-55, 132, 150), (12, 4, -16), (168, 233, -93)]
restart 26: T=46 fixed=0 seeds=[(157, -145, 342), (-91, 299, 246), (-2, 103, 421), (-58, -23, 198), (-32, 67, -138), (22, -45, -89), (-13, -7, 146)]
restart 27: T=46 fixed=0 seeds=[(61, 16, -166), (29, -325, -223), (24, 185, 313), (-146, -138, 179), (-45, 45, -121), (90, -197, -89), (-253, -115, -61)]
restart 28: T=48 fixed=0 seeds=[(69, -104, 103), (17, -44, -177), (-92, 160, 6), (-16, 40, -59), (173, 152, 100), (-47, 78, 177), (-10, -171, -38)]
restart 29: T=50 fixed=0 seeds=[(137, 198, 88), (262, -51, -36), (-79, -91, -99), (4, -265, 16), (-95, 164, -222), (-78, 76, 57), (-18, 70, 88)]
restart 30: T=46 fixed=0 seeds=[(-28, -50, 3), (1, -277, 14), (69, -43, 102), (10, 33, -21), (4, 15, -77), (-96, -31, 78), (161, -20, -18)]
restart 31: T=50 fixed=0 seeds=[(90, -24, 24), (19, -75, 31), (133, 24, 118), (-8, 13, 65), (39, 13, -128), (-20, 19, 16), (-100, 3, -4)]
restart 32: T=52 fixed=0 seeds=[(-6, 46, -119), (96, 48, 8), (-140, -53, 47), (-11, 146, 43), (-82, 20, -31), (-52, 62, -69), (91, 25, -126)]
restart 33: T=52 fixed=0 seeds=[(17, 74, -58), (236, 56, 59), (147, -72, -88), (-70, -53, 168), (126, 108, -228), (-36, 84, 117), (-60, -55, -115)]
restart 34: T=50 fixed=0 seeds=[(39, 18, -56), (41, 3, 123), (11, -10, 120), (-2, -160, -48), (-20, -11, 96), (-19, -10, -86), (-65, -37, -78)]
restart 35: T=46 fixed=0 seeds=[(201, -33, -189), (25, -34, 257), (-76, 5, 177), (154, 21, -57), (20, -9, 109), (97, 84, -78), (7, 255, -199)]
restart 36: T=50 fixed=0 seeds=[(-121, -105, -217), (142, -126, 9), (-154, -75, -325), (-134, -101, -178), (20, 111, -23), (-123, -191, -68), (8, 174, 19)]
restart 37: T=52 fixed=0 seeds=[(20, 89, 100), (1, 48, 8), (24, -56, 90), (-25, -13, 42), (61, 53, -39), (-43, -55, -55), (-38, 57, -86)]
restart 38: T=46 fixed=0 seeds=[(-37, -32, -10), (79, 16, 42), (-21, 49, 107), (-1, -38, -9), (-86, 10, -118), (-23, 56, 35), (6, 40, 21)]
restart 39: T=48 fixed=0 seeds=[(-17, 62, -97), (4, 39, -251), (-136, 39, 128), (22, -97, -35), (136, -71, -80), (33, -110, -123), (76, 51, 49)]
HIST {"44": 1, "46": 9, "48": 8, "50": 15, "52": 7}
TOP 52 0 [(162, 252, -149), (225, -102, 32), (-19, -153, -79), (-54, 55, -84), (58, -82, 43), (-135, -32, 24), (-1, 109, -10)] exact= (52, 0)
TOP 52 0 [(-154, 108, -5), (-136, 44, -140), (17, -233, -24), (54, 19, -8), (-35, 34, 42), (-176, 111, 62), (-43, -38, -74)] exact= (52, 0)
TOP 52 0 [(4, 130, -11), (-57, 52, -108), (115, -31, -18), (-37, -146, 29), (83, 143, 5), (-78, 75, -75), (-29, -133, -137)] exact= (52, 0)
TOP 52 0 [(-3, 33, 12), (-54, 107, -133), (-104, 91, -53), (-207, -24, -22), (-55, 132, 150), (12, 4, -16), (168, 233, -93)] exact= (52, 0)
TOP 52 0 [(-6, 46, -119), (96, 48, 8), (-140, -53, 47), (-11, 146, 43), (-82, 20, -31), (-52, 62, -69), (91, 25, -126)] exact= (52, 0)
