restart 0: T=91 s=1 d=[0, 1, 0, 2, 0, 2] seeds=[(-17, -43, -10), (32, -72, -3), (40, -114, -26), (77, -123, 161), (-7, -157, 21), (4, -82, -101)]
restart 1: T=88 s=1 d=[0, 2, 2, 1, 3, 0] seeds=[(-49, 55, -189), (140, 36, -30), (-50, 26, -40), (-86, -49, -91), (-41, -29, 293), (-10, 25, 67)]
restart 2: T=85 s=1 d=[2, 2, 1, 1, 2, 3] seeds=[(-44, 57, -36), (16, -78, -150), (7, 63, -34), (95, -9, -15), (73, -28, 75), (13, 18, -88)]
restart 3: T=85 s=1 d=[1, 1, 1, 4, 1, 3] seeds=[(-53, 22, -12), (-33, 40, 3), (-23, 102, -48), (60, 41, -94), (-30, 28, 14), (-11, 20, 58)]
restart 4: T=85 s=1 d=[0, 3, 2, 1, 3, 2] seeds=[(-81, -65, 91), (-34, -45, 111), (-13, 241, -111), (19, 34, 15), (51, -92, -21), (58, -74, -87)]
restart 5: T=88 s=1 d=[2, 3, 0, 0, 2, 1] seeds=[(-77, -7, -21), (-3, -23, 49), (-237, -35, 6), (2, 58, -18), (-161, 7, -20), (-89, 130, -31)]
restart 6: T=79 s=1 d=[3, 2, 3, 3, 4, 2] seeds=[(36, -36, 8), (-15, 14, -17), (31, 31, 16), (11, -25, -50), (-31, 23, 42), (57, 71, -31)]
restart 7: T=85 s=1 d=[4, 2, 1, 1, 3, 0] seeds=[(33, 1, -110), (-40, 8, -19), (19, 18, 16), (-8, -4, -3), (11, 34, 20), (116, -55, -4)]
restart 8: T=88 s=1 d=[2, 0, 1, 1, 1, 3] seeds=[(-4, -56, -65), (69, -127, -14), (-164, -29, 104), (-48, 35, 31), (74, -39, 23), (91, 66, 118)]
restart 9: T=91 s=1 d=[0, 1, 0, 1, 0, 3] seeds=[(67, -118, -18), (24, -22, 73), (-62, -70, -17), (-86, -28, -37), (-28, -21, 17), (21, -72, -254)]
restart 10: T=85 s=1 d=[1, 2, 3, 2, 0, 3] seeds=[(-99, 70, -13), (-31, 45, 2), (8, -77, -90), (15, 240, -41), (-42, 66, 11), (-71, 30, -48)]
restart 11: T=82 s=1 d=[3, 3, 2, 1, 3, 2] seeds=[(-42, -9, -41), (0, 10, 38), (27, -82, 23), (-23, 28, -28), (16, 62, -96), (-25, 44, 30)]
restart 12: T=85 s=1 d=[2, 2, 0, 1, 5, 1] seeds=[(2, 194, 43), (7, -17, 8), (-47, 51, 4), (55, 3, -5), (53, 46, -100), (-22, 78, 16)]
restart 13: T=88 s=1 d=[0, 2, 1, 1, 1, 3] seeds=[(183, 56, 26), (40, 55, -30), (-118, -8, 28), (10, 70, 28), (21, 137, -9), (46, -17, -53)]
restart 14: T=79 s=1 d=[1, 4, 4, 2, 1, 5] seeds=[(-66, 199, -19), (112, 55, 4), (-2, -74, -100), (62, -63, -33), (-52, 13, -42), (209, -77, 32)]
restart 15: T=85 s=1 d=[1, 2, 0, 2, 3, 3] seeds=[(-71, -68, 28), (-38, -74, -116), (5, -82, -87), (30, 13, -87), (3, -45, 48), (-22, 0, -174)]
restart 16: T=88 s=1 d=[2, 1, 2, 2, 1, 0] seeds=[(4, 176, -17), (-134, 215, 139), (-43, -7, 141), (-16, 14, -6), (-99, -16, -70), (-55, 118, -106)]
restart 17: T=88 s=1 d=[1, 3, 0, 2, 0, 2] seeds=[(-2, 340, 54), (-40, -18, 51), (98, -56, 36), (73, -89, -76), (-68, 96, -99), (-29, 93, 32)]
restart 18: T=79 s=1 d=[3, 3, 4, 3, 3, 1] seeds=[(112, 3, 38), (-19, -73, -24), (-2, -77, -143), (28, -35, 27), (141, -63, -68), (-40, 206, -35)]
restart 19: T=79 s=1 d=[3, 2, 3, 2, 5, 2] seeds=[(27, 21, 25), (-30, 75, 163), (324, -33, 119), (80, 157, -51), (20, 72, -163), (-146, -3, -26)]
restart 20: T=85 s=1 d=[1, 2, 1, 3, 2, 2] seeds=[(6, 87, 58), (-30, -77, -29), (-31, -46, 23), (81, -50, 141), (55, 98, -2), (-249, -23, 82)]
restart 21: T=88 s=1 d=[1, 1, 3, 1, 2, 0] seeds=[(-36, -44, -61), (-70, -14, -1), (-33, -21, -190), (38, -51, 37), (-99, 27, -62), (48, 21, 64)]
restart 22: T=88 s=1 d=[2, 1, 2, 0, 2, 1] seeds=[(59, -33, -70), (19, 177, 173), (78, -26, 66), (-465, 139, -54), (-10, 5, 19), (-13, -97, 35)]
restart 23: T=85 s=1 d=[2, 0, 1, 4, 2, 2] seeds=[(-48, -71, 62), (-103, 9, 20), (29, 6, 14), (-170, 15, 150), (58, -31, 1), (105, 6, 30)]
restart 24: T=88 s=1 d=[2, 1, 3, 0, 1, 1] seeds=[(54, 58, -18), (49, 44, 3), (60, -1, 119), (-31, 98, -43), (30, -63, -11), (105, -55, -25)]
restart 25: T=88 s=1 d=[0, 1, 2, 1, 2, 2] seeds=[(-36, -107, 118), (82, -217, 65), (-25, 5, -3), (19, 22, 25), (250, 144, 3), (-15, -92, -96)]
restart 26: T=88 s=1 d=[2, 0, 0, 2, 0, 4] seeds=[(63, -84, 119), (-20, -9, -8), (9, -19, -42), (44, -125, 122), (13, 158, -26), (39, 46, -324)]
restart 27: T=85 s=1 d=[1, 2, 2, 3, 2, 1] seeds=[(49, -61, 14), (-44, 98, 140), (106, 117, 152), (-24, -45, -115), (132, 29, 46), (53, -98, 93)]
restart 28: T=88 s=1 d=[1, 2, 2, 2, 0, 1] seeds=[(-101, -35, 106), (9, 1, 35), (8, 38, -22), (-40, 19, 51), (12, 65, 33), (150, -63, 52)]
restart 29: T=88 s=1 d=[3, 1, 0, 1, 0, 3] seeds=[(47, -77, -39), (-53, 21, -8), (107, -16, 27), (-68, -34, 10), (19, 4, -9), (-37, -49, -38)]
restart 30: T=88 s=1 d=[2, 0, 1, 2, 1, 2] seeds=[(20, 13, 5), (77, 63, 76), (104, -28, 70), (-53, -46, -266), (8, -60, -87), (192, 28, -8)]
restart 31: T=88 s=1 d=[1, 1, 2, 2, 1, 1] seeds=[(21, -89, 105), (-143, 71, -95), (-78, -35, -252), (-14, 4, -61), (-74, 41, 89), (122, -120, -21)]
restart 32: T=91 s=1 d=[0, 1, 1, 2, 1, 0] seeds=[(-3, -192, 62), (20, 21, 36), (6, 23, 41), (-56, -56, 77), (-46, -103, 58), (4, 39, -34)]
restart 33: T=82 s=1 d=[1, 4, 4, 3, 0, 2] seeds=[(24, -37, -44), (-26, -73, 9), (-15, -31, -164), (-2, 357, 10), (7, -38, 30), (0, -15, -72)]
restart 34: T=82 s=1 d=[1, 1, 2, 3, 4, 3] seeds=[(-204, 199, -30), (35, -46, -3), (-5, -55, 49), (51, 165, -14), (-45, -28, 111), (-50, 78, 81)]
restart 35: T=91 s=1 d=[1, 0, 2, 1, 1, 0] seeds=[(42, -48, 63), (5, -3, 13), (-11, -24, 26), (-8, 109, -60), (13, -34, -91), (135, -98, 37)]
restart 36: T=79 s=1 d=[5, 4, 2, 3, 2, 1] seeds=[(-17, -56, -58), (11, -20, -28), (13, 93, 10), (-21, -27, -14), (43, -89, 31), (20, -9, 11)]
restart 37: T=82 s=1 d=[6, 2, 2, 2, 1, 1] seeds=[(-107, 36, 295), (-7, 70, -55), (-45, 59, -55), (77, -40, -45), (133, 83, -36), (20, 65, -4)]
restart 38: T=88 s=1 d=[1, 2, 0, 2, 0, 3] seeds=[(102, 154, -39), (9, -24, 15), (-89, -13, -2), (-143, 3, 26), (112, -13, 63), (6, 21, 29)]
restart 39: T=79 s=1 d=[5, 1, 2, 3, 2, 4] seeds=[(-32, 60, -27), (-20, -52, -45), (-4, -25, -6), (75, -24, -2), (13, -56, 78), (23, -3, -24)]
restart 40: T=82 s=1 d=[1, 3, 1, 3, 4, 2] seeds=[(-92, 248, 102), (-15, 38, -43), (-16, -126, 11), (35, -2, 56), (-19, -125, 200), (32, 24, 16)]
restart 41: T=88 s=1 d=[2, 0, 1, 2, 1, 2] seeds=[(-202, 98, -176), (27, 93, -73), (-45, -12, -18), (-110, -75, 13), (8, -67, 34), (42, -76, -201)]
restart 42: T=88 s=1 d=[1, 2, 1, 2, 1, 1] seeds=[(-112, -59, 12), (-22, 171, 155), (51, -301, 91), (43, 14, -46), (-59, 34, 1), (-68, -44, -14)]
restart 43: T=88 s=1 d=[3, 0, 2, 1, 2, 0] seeds=[(45, 26, -218), (-31, 40, -113), (-14, 21, 19), (-66, -61, -56), (-40, -46, 69), (-30, 138, -26)]
restart 44: T=88 s=1 d=[2, 3, 0, 2, 1, 0] seeds=[(56, -66, 144), (-93, -163, -4), (-103, -38, -21), (11, -33, -61), (-12, 10, -3), (-97, -7, 28)]
restart 45: T=85 s=1 d=[3, 2, 1, 0, 3, 2] seeds=[(-136, -15, 38), (-163, 31, -2), (-23, -39, -37), (64, 77, -127), (-39, -37, 217), (-17, 35, 25)]
restart 46: T=76 s=1 d=[4, 3, 4, 2, 4, 3] seeds=[(54, 65, -69), (-13, 5, 40), (-58, 37, 36), (-98, -101, -23), (-3, -58, 73), (37, 14, 72)]
restart 47: T=85 s=1 d=[0, 1, 4, 4, 1, 1] seeds=[(317, 27, 98), (-90, 82, 122), (30, -78, -130), (-180, -61, 77), (-75, -27, -3), (182, -14, -39)]
restart 48: T=88 s=1 d=[0, 0, 2, 2, 4, 0] seeds=[(-363, 137, 8), (-93, 76, 53), (-27, -93, -18), (-40, 49, -55), (73, -34, -224), (-132, -29, 94)]
restart 49: T=88 s=1 d=[0, 2, 0, 2, 2, 2] seeds=[(-36, -45, -48), (43, 70, -19), (37, 40, -46), (0, 53, 165), (121, 98, 72), (-105, 42, -15)]
restart 50: T=82 s=1 d=[2, 2, 3, 2, 3, 2] seeds=[(-88, -36, -23), (-143, -52, 12), (-95, -45, -246), (16, 15, 6), (-93, -152, -136), (-115, -87, 45)]
restart 51: T=79 s=1 d=[3, 3, 3, 3, 1, 4] seeds=[(89, 139, 51), (-2, 70, 16), (-94, 28, 165), (206, 71, 33), (160, -28, 15), (43, 4, 76)]
restart 52: T=88 s=1 d=[1, 2, 0, 2, 2, 1] seeds=[(51, -20, 57), (-13, 10, 47), (53, 29, 33), (20, 75, -11), (-17, 44, 4), (28, -47, 27)]
restart 53: T=85 s=1 d=[0, 2, 3, 2, 0, 4] seeds=[(-40, 5, 3), (29, -23, -21), (-61, -21, -34), (-33, -11, 32), (35, -40, 18), (17, -42, -61)]
restart 54: T=79 s=1 d=[3, 4, 3, 2, 3, 2] seeds=[(66, -30, 43), (-9, -2, -51), (-22, 98, 12), (-47, -33, -11), (5, -51, 28), (10, -43, -78)]
restart 55: T=82 s=1 d=[1, 3, 2, 2, 3, 3] seeds=[(9, 18, 13), (-14, 11, -87), (-10, -19, 22), (-29, -83, -10), (5, 44, 97), (-51, 49, 37)]
restart 56: T=85 s=1 d=[1, 0, 2, 3, 2, 3] seeds=[(1, 40, -29), (38, -48, -49), (16, 125, 85), (-48, -4, 3), (-57, 91, 4), (39, 192, 10)]
restart 57: T=85 s=1 d=[3, 1, 2, 1, 2, 2] seeds=[(57, 28, -224), (-50, 13, -85), (46, 22, -52), (-17, 65, 55), (-122, 67, 120), (-69, -90, -3)]
restart 58: T=85 s=1 d=[2, 3, 3, 0, 1, 2] seeds=[(-21, 60, 19), (-62, 58, -433), (72, -28, 7), (2, 58, -40), (67, 287, 187), (25, -3, 9)]
restart 59: T=91 s=1 d=[1, 0, 1, 2, 1, 0] seeds=[(11, -97, 3), (-54, 26, -63), (-2, 98, -71), (59, 68, 266), (-2, 0, -6), (28, 38, -13)]
HIST {"76": 1, "79": 8, "82": 7, "85": 16, "88": 23, "91": 5}
TOP:
  T=91 s=1 d=[0, 1, 0, 2, 0, 2] seeds=[(-17, -43, -10), (32, -72, -3), (40, -114, -26), (77, -123, 161), (-7, -157, 21), (4, -82, -101)]  exact=(91,1)
  T=91 s=1 d=[0, 1, 0, 1, 0, 3] seeds=[(67, -118, -18), (24, -22, 73), (-62, -70, -17), (-86, -28, -37), (-28, -21, 17), (21, -72, -254)]  exact=(91,1)
  T=91 s=1 d=[0, 1, 1, 2, 1, 0] seeds=[(-3, -192, 62), (20, 21, 36), (6, 23, 41), (-56, -56, 77), (-46, -103, 58), (4, 39, -34)]  exact=(91,1)
  T=91 s=1 d=[1, 0, 2, 1, 1, 0] seeds=[(42, -48, 63), (5, -3, 13), (-11, -24, 26), (-8, 109, -60), (13, -34, -91), (135, -98, 37)]  exact=(91,1)
  T=91 s=1 d=[1, 0, 1, 2, 1, 0] seeds=[(11, -97, 3), (-54, 26, -63), (-2, 98, -71), (59, 68, 266), (-2, 0, -6), (28, 38, -13)]  exact=(91,1)
  T=88 s=1 d=[0, 2, 2, 1, 3, 0] seeds=[(-49, 55, -189), (140, 36, -30), (-50, 26, -40), (-86, -49, -91), (-41, -29, 293), (-10, 25, 67)]  exact=(88,1)
  T=88 s=1 d=[2, 3, 0, 0, 2, 1] seeds=[(-77, -7, -21), (-3, -23, 49), (-237, -35, 6), (2, 58, -18), (-161, 7, -20), (-89, 130, -31)]  exact=(88,1)
  T=88 s=1 d=[2, 0, 1, 1, 1, 3] seeds=[(-4, -56, -65), (69, -127, -14), (-164, -29, 104), (-48, 35, 31), (74, -39, 23), (91, 66, 118)]  exact=(88,1)
