restart 0: T=93 s=0 d=[0, 0, 0, 0, 3, 0] seeds=[(13, 93, -165), (42, 48, 36), (-40, -44, 124), (45, 160, -94), (-12, 6, 237), (-13, -67, -106)]
restart 1: T=93 s=0 d=[0, 0, 1, 2, 0, 0] seeds=[(44, 44, -113), (-125, -1, -50), (18, -16, 72), (10, -8, -42), (10, 31, -4), (-62, 62, -20)]
restart 2: T=84 s=0 d=[4, 1, 2, 0, 3, 2] seeds=[(34, -66, 140), (-42, -72, -37), (-13, -93, 42), (78, 24, 89), (15, 19, -82), (-6, -50, -102)]
restart 3: T=85 s=1 d=[1, 3, 1, 3, 2, 1] seeds=[(20, 51, 99), (-33, 7, 102), (-234, 97, 49), (-81, -24, 70), (175, 25, 80), (252, -84, -222)]
restart 4: T=93 s=0 d=[0, 0, 0, 2, 1, 0] seeds=[(124, 15, -27), (-30, 8, -21), (200, -65, -60), (30, -3, -288), (-1, 110, 105), (-14, -124, 89)]
restart 5: T=93 s=0 d=[0, 0, 0, 3, 0, 0] seeds=[(-168, -20, 108), (20, -162, -31), (97, -101, -32), (-39, 35, 219), (-9, 24, 14), (-86, 102, -71)]
restart 6: T=84 s=0 d=[1, 1, 4, 2, 1, 3] seeds=[(-15, 110, 153), (116, -48, 8), (-61, 7, 290), (1, 108, -19), (83, -119, -14), (-2, 68, -111)]
restart 7: T=85 s=1 d=[1, 2, 1, 2, 2, 3] seeds=[(-109, 249, -134), (121, -81, -26), (-90, -103, 157), (-16, -13, -27), (28, 11, 13), (-2, 28, 186)]
restart 8: T=82 s=1 d=[3, 0, 1, 3, 3, 4] seeds=[(75, -154, -99), (-31, 28, -14), (-53, 73, -13), (103, -122, -56), (-12, 44, -29), (-71, 25, -105)]
restart 9: T=85 s=1 d=[4, 2, 0, 2, 1, 2] seeds=[(-6, -25, 81), (43, 60, 64), (30, 29, -9), (18, -136, -5), (-114, 16, 32), (-40, 31, 28)]
restart 10: T=88 s=1 d=[2, 0, 1, 2, 2, 1] seeds=[(-25, -74, -48), (82, 27, -28), (220, -149, 30), (55, 86, 105), (-31, -22, -17), (102, 10, 27)]
restart 11: T=85 s=1 d=[1, 3, 1, 1, 2, 3] seeds=[(-144, 120, -2), (-9, 33, 46), (40, -60, 47), (-83, 18, 33), (49, -51, -59), (-36, -10, 41)]
restart 12: T=93 s=0 d=[0, 0, 0, 2, 0, 1] seeds=[(-9, 5, 2), (79, -183, 50), (-114, 0, 69), (-4, -96, 184), (-29, 90, 104), (-69, 5, -35)]
restart 13: T=88 s=1 d=[0, 2, 2, 0, 1, 3] seeds=[(-27, 216, -35), (-178, 1, 242), (76, 95, -103), (-20, 70, 48), (-69, 113, -100), (22, -56, 135)]
restart 14: T=93 s=0 d=[0, 0, 2, 0, 1, 0] seeds=[(0, 39, -21), (31, -119, 25), (-45, 17, 125), (-122, -31, -75), (100, -44, 45), (72, -31, -15)]
restart 15: T=90 s=0 d=[1, 0, 3, 1, 0, 1] seeds=[(-40, 82, 29), (-41, -120, -16), (-43, -79, -208), (-57, -5, -62), (27, 174, -146), (-10, 34, -69)]
restart 16: T=88 s=1 d=[1, 1, 0, 1, 2, 3] seeds=[(13, 130, -141), (200, -324, -276), (-22, -94, -18), (-44, -127, -69), (-9, 47, 74), (13, 25, 49)]
restart 17: T=93 s=0 d=[0, 1, 2, 0, 0, 0] seeds=[(-117, -53, -4), (4, 79, 23), (39, 171, -158), (-5, -55, 3), (159, -124, 30), (265, -157, -89)]
restart 18: T=93 s=0 d=[2, 0, 0, 1, 0, 0] seeds=[(29, -23, -108), (-60, 183, -44), (-189, -39, -13), (30, -24, 22), (35, -75, -36), (-41, -111, 5)]
restart 19: T=81 s=0 d=[2, 3, 3, 1, 3, 3] seeds=[(23, 50, -67), (-13, 89, -99), (87, 112, 199), (-4, 9, -3), (81, 27, 52), (73, -28, -31)]
restart 20: T=93 s=0 d=[1, 0, 0, 0, 2, 0] seeds=[(168, 54, 36), (34, 113, 5), (184, -97, -32), (228, 47, -8), (68, -63, 172), (-89, -47, 18)]
restart 21: T=76 s=1 d=[3, 2, 5, 3, 4, 3] seeds=[(65, 157, -26), (-28, 100, -9), (19, -26, -48), (-49, 27, -12), (-126, -32, 47), (41, -108, -25)]
restart 22: T=81 s=0 d=[2, 3, 3, 2, 3, 2] seeds=[(-7, -28, -36), (-45, -44, 93), (-13, -26, 19), (-11, -166, 37), (23, 58, -99), (-84, 48, -18)]
restart 23: T=93 s=0 d=[0, 0, 1, 2, 0, 0] seeds=[(-139, 90, -47), (32, 20, 29), (-59, 7, 36), (-56, 0, -174), (-57, -52, 51), (15, -95, -27)]
restart 24: T=88 s=1 d=[1, 1, 2, 3, 1, 0] seeds=[(112, 80, -27), (272, 16, -26), (-44, 20, 101), (-49, 17, -67), (120, -43, -71), (-45, -10, -32)]
restart 25: T=85 s=1 d=[2, 2, 0, 2, 3, 2] seeds=[(244, 52, -195), (124, -40, -66), (-12, -43, -73), (-47, 1, -56), (-23, -24, -196), (17, 126, -143)]
restart 26: T=93 s=0 d=[0, 0, 0, 0, 1, 2] seeds=[(-55, 4, -20), (-6, 32, 6), (-151, -116, -48), (-68, -45, 7), (-45, -4, 24), (-1, 14, 42)]
restart 27: T=82 s=1 d=[3, 3, 2, 0, 3, 3] seeds=[(30, 61, -4), (22, 34, -132), (-4, 41, 34), (16, 31, 16), (-4, 35, -72), (83, -105, -63)]
restart 28: T=82 s=1 d=[3, 1, 2, 3, 2, 3] seeds=[(41, 55, -109), (15, -137, 16), (41, -97, 54), (-42, -25, -12), (-16, 34, -82), (5, 34, 58)]
restart 29: T=93 s=0 d=[0, 2, 0, 1, 0, 0] seeds=[(-83, 46, -149), (2, 25, -193), (-28, -61, 11), (85, 78, -59), (-93, 28, 102), (1, -65, 21)]
restart 30: T=93 s=0 d=[0, 2, 1, 0, 0, 0] seeds=[(120, -135, 207), (-63, -28, 188), (48, -80, -59), (120, -27, 21), (39, 26, 37), (-77, 171, -29)]
restart 31: T=93 s=0 d=[0, 0, 0, 0, 1, 2] seeds=[(-55, -112, 37), (31, -113, -8), (-85, -148, -33), (76, -32, -10), (-90, 50, -57), (-38, 26, 66)]
restart 32: T=87 s=0 d=[1, 2, 1, 2, 0, 3] seeds=[(115, -44, 28), (41, -103, -258), (-113, -7, 15), (-44, -80, -55), (-125, 157, 97), (62, -18, 80)]
restart 33: T=93 s=0 d=[0, 2, 0, 0, 1, 0] seeds=[(105, 5, 183), (16, -31, 258), (-66, -81, -109), (83, -3, -34), (-60, 96, 157), (-31, 30, -17)]
restart 34: T=88 s=1 d=[1, 1, 3, 3, 0, 0] seeds=[(20, -13, 67), (8, -126, -47), (6, -2, -171), (-63, 19, -81), (-30, 19, 35), (-23, 10, 88)]
restart 35: T=93 s=0 d=[1, 0, 0, 0, 0, 2] seeds=[(-35, 71, -133), (75, -39, -46), (56, -107, 92), (137, 90, 11), (-30, -244, -39), (-125, 11, -49)]
restart 36: T=85 s=1 d=[0, 1, 3, 2, 2, 3] seeds=[(-47, -118, -40), (-48, -27, -73), (-7, -44, -125), (-35, -9, -101), (-17, -43, -45), (-11, 163, -144)]
restart 37: T=85 s=1 d=[1, 1, 2, 4, 2, 1] seeds=[(-11, 15, -3), (41, 47, 45), (41, 35, -16), (34, -21, 147), (41, -57, -72), (-35, -18, 14)]
restart 38: T=79 s=1 d=[3, 0, 2, 3, 3, 6] seeds=[(105, 53, 110), (8, -46, -36), (-39, -41, -23), (-33, 68, -120), (96, 41, 16), (-35, -17, 174)]
restart 39: T=87 s=0 d=[0, 2, 2, 1, 2, 2] seeds=[(-137, 43, -106), (-15, 33, -36), (20, 14, -81), (27, 17, 49), (48, -103, -120), (47, -6, -58)]
restart 40: T=91 s=1 d=[0, 0, 0, 1, 2, 2] seeds=[(22, -40, 56), (-157, 33, 10), (-20, -231, -63), (-136, 46, 78), (40, -2, -34), (130, -18, 85)]
restart 41: T=84 s=0 d=[1, 1, 2, 4, 1, 3] seeds=[(4, -84, -8), (33, -59, 19), (13, 30, 34), (-7, 4, -52), (-29, 47, 68), (95, -42, -9)]
restart 42: T=88 s=1 d=[4, 1, 2, 1, 0, 0] seeds=[(-73, -63, 183), (-34, -299, 43), (168, 0, 42), (-42, -300, -30), (252, -52, -15), (43, -37, -21)]
restart 43: T=88 s=1 d=[1, 1, 1, 2, 0, 3] seeds=[(-248, 38, -15), (-69, -48, -11), (91, 85, 68), (70, -165, -61), (181, -96, 183), (35, -45, 217)]
restart 44: T=87 s=0 d=[0, 1, 2, 1, 2, 3] seeds=[(-58, 24, -42), (38, 33, 19), (-33, -16, 33), (-38, -35, 72), (41, 24, 81), (-39, 3, 49)]
restart 45: T=91 s=1 d=[3, 0, 0, 0, 1, 1] seeds=[(-1, 44, -78), (-18, -74, -8), (50, -93, 187), (-19, -41, 1), (70, 159, -31), (96, -180, 85)]
restart 46: T=88 s=1 d=[2, 1, 3, 1, 1, 0] seeds=[(-105, 14, -54), (-211, 49, -61), (15, -1, 120), (87, 31, -22), (-6, -93, 2), (-95, 22, 60)]
restart 47: T=87 s=0 d=[1, 1, 2, 1, 3, 1] seeds=[(103, 88, 14), (71, -36, 37), (-33, -60, 64), (-36, -75, 10), (-78, -41, 124), (40, -109, -69)]
restart 48: T=82 s=1 d=[3, 2, 2, 4, 2, 1] seeds=[(82, 51, -8), (32, -12, -100), (16, -135, 5), (18, 9, -49), (35, 71, 13), (32, -59, -27)]
restart 49: T=85 s=1 d=[1, 1, 1, 3, 2, 3] seeds=[(1, -85, -144), (-9, -80, -30), (-63, 39, 48), (-74, -22, 55), (-61, -127, 5), (82, 112, 31)]
restart 50: T=84 s=0 d=[4, 2, 4, 0, 1, 1] seeds=[(-33, 50, 58), (-5, 18, 15), (14, 45, 56), (-79, -3, -41), (-46, 23, 4), (-22, -11, 1)]
restart 51: T=87 s=0 d=[4, 2, 0, 1, 1, 1] seeds=[(83, -71, -119), (23, -56, 181), (-66, 256, -125), (-88, 82, 24), (-104, 24, -21), (60, 71, -48)]
restart 52: T=85 s=1 d=[1, 5, 1, 1, 2, 1] seeds=[(12, 23, -42), (0, -34, 178), (3, 73, 24), (-63, 83, 85), (47, -210, 9), (-41, 98, -46)]
restart 53: T=79 s=1 d=[2, 3, 4, 3, 3, 2] seeds=[(-54, 20, -28), (22, 58, -177), (13, -103, 85), (-79, -48, -99), (169, 100, -24), (35, 28, 13)]
restart 54: T=82 s=1 d=[0, 4, 3, 3, 3, 1] seeds=[(-12, 61, 62), (16, 13, 78), (-50, 27, -121), (41, -19, -70), (-4, -30, 15), (-2, -35, -8)]
restart 55: T=85 s=1 d=[2, 2, 2, 1, 2, 2] seeds=[(84, -240, -16), (184, -117, 80), (-7, -167, 150), (62, -30, 127), (32, 175, 102), (24, -106, -232)]
restart 56: T=85 s=1 d=[3, 1, 2, 1, 3, 1] seeds=[(-180, 93, -143), (26, -57, -53), (1, 27, -3), (5, -179, 192), (-101, 52, -213), (25, 47, -163)]
restart 57: T=88 s=1 d=[1, 0, 4, 2, 0, 1] seeds=[(-51, -151, 42), (41, -33, 7), (12, 55, -105), (136, -12, -105), (62, 15, -45), (180, -84, 97)]
restart 58: T=82 s=1 d=[2, 1, 3, 3, 4, 1] seeds=[(-325, -24, -84), (-36, -8, 69), (52, -101, -66), (25, -16, -92), (15, 97, -41), (94, -76, 20)]
restart 59: T=91 s=1 d=[0, 0, 2, 0, 2, 1] seeds=[(8, -13, 3), (92, -18, 46), (35, -56, -167), (-73, -41, -19), (-51, 26, -132), (-35, 24, 4)]
HIST {"76": 1, "79": 2, "81": 2, "82": 6, "84": 4, "85": 11, "87": 5, "88": 9, "90": 1, "91": 3, "93": 16}
TOP:
  T=93 s=0 d=[0, 0, 0, 0, 3, 0] seeds=[(13, 93, -165), (42, 48, 36), (-40, -44, 124), (45, 160, -94), (-12, 6, 237), (-13, -67, -106)]  exact=(93,0)
  T=93 s=0 d=[0, 0, 1, 2, 0, 0] seeds=[(44, 44, -113), (-125, -1, -50), (18, -16, 72), (10, -8, -42), (10, 31, -4), (-62, 62, -20)]  exact=(93,0)
  T=93 s=0 d=[0, 0, 0, 2, 1, 0] seeds=[(124, 15, -27), (-30, 8, -21), (200, -65, -60), (30, -3, -288), (-1, 110, 105), (-14, -124, 89)]  exact=(93,0)
  T=93 s=0 d=[0, 0, 0, 3, 0, 0] seeds=[(-168, -20, 108), (20, -162, -31), (97, -101, -32), (-39, 35, 219), (-9, 24, 14), (-86, 102, -71)]  exact=(93,0)
  T=93 s=0 d=[0, 0, 0, 2, 0, 1] seeds=[(-9, 5, 2), (79, -183, 50), (-114, 0, 69), (-4, -96, 184), (-29, 90, 104), (-69, 5, -35)]  exact=(93,0)
  T=93 s=0 d=[0, 0, 2, 0, 1, 0] seeds=[(0, 39, -21), (31, -119, 25), (-45, 17, 125), (-122, -31, -75), (100, -44, 45), (72, -31, -15)]  exact=(93,0)
  T=93 s=0 d=[0, 1, 2, 0, 0, 0] seeds=[(-117, -53, -4), (4, 79, 23), (39, 171, -158), (-5, -55, 3), (159, -124, 30), (265, -157, -89)]  exact=(93,0)
  T=93 s=0 d=[2, 0, 0, 1, 0, 0] seeds=[(29, -23, -108), (-60, 183, -44), (-189, -39, -13), (30, -24, 22), (35, -75, -36), (-41, -111, 5)]  exact=(93,0)
